\BOOKMARK [0][-]{chapter*.3}{\376\377\000S\000e\000z\000n\000a\000m\000\040\000z\000k\000r\000a\000t\000e\000k}{}% 1
\BOOKMARK [0][-]{chapter*.4}{\376\377\000\332\000v\000o\000d}{}% 2
\BOOKMARK [0][-]{chapter.5}{\376\377\000C\000\355\000l\000e\000\040\000a\000\040\000p\000o\001\176\000a\000d\000a\000v\000k\000y}{}% 3
\BOOKMARK [1][-]{section.6}{\376\377\000P\000o\001\176\000a\000d\000a\000v\000k\000y\000\040\000n\000a\000\040\000m\000e\000c\000h\000a\000n\000i\000c\000k\000\351\000\040\000k\000o\000n\000s\000t\000r\000u\000k\001\015\000n\000\355\000\040\001\131\000e\001\141\000e\000n\000\355}{chapter.5}% 4
\BOOKMARK [1][-]{section.8}{\376\377\000P\000o\001\176\000a\000d\000a\000v\000k\000y\000\040\000n\000a\000\040\000e\000l\000e\000k\000t\000r\000o\000t\000e\000c\000h\000n\000i\000c\000k\000\351\000\040\001\131\000e\001\141\000e\000n\000\355}{chapter.5}% 5
\BOOKMARK [1][-]{section.9}{\376\377\000P\000o\001\176\000a\000d\000a\000v\000k\000y\000\040\000n\000a\000\040\000s\000o\000f\000t\000w\000a\000r\000o\000v\000\351\000\040\001\131\000e\001\141\000e\000n\000\355}{chapter.5}% 6
\BOOKMARK [0][-]{chapter.10}{\376\377\000P\000o\000u\001\176\000i\000t\000\351\000\040\000n\000\341\000s\000t\000r\000o\000j\000e}{}% 7
\BOOKMARK [1][-]{section.11}{\376\377\000K\000i\000C\000A\000D\000\040\0009\000.\0000}{chapter.10}% 8
\BOOKMARK [1][-]{section.14}{\376\377\000V\000i\000s\000u\000a\000l\000\040\000S\000t\000u\000d\000i\000o\000\040\000C\000o\000d\000e}{chapter.10}% 9
\BOOKMARK [0][-]{chapter.16}{\376\377\000V\000y\000b\000r\000a\000n\000\351\000\040\000k\000o\000m\000p\000o\000n\000e\000n\000t\000y}{}% 10
\BOOKMARK [1][-]{section.17}{\376\377\000M\000C\000U}{chapter.16}% 11
\BOOKMARK [1][-]{section.18}{\376\377\000F\000l\000a\000s\000h\000\040\000p\000a\000m\001\033\001\145}{chapter.16}% 12
\BOOKMARK [1][-]{section.19}{\376\377\000K\000a\000m\000e\000r\000o\000v\000\375\000\040\000m\000o\000d\000u\000l}{chapter.16}% 13
\BOOKMARK [1][-]{section.20}{\376\377\000D\000i\000s\000p\000l\000a\000y}{chapter.16}% 14
\BOOKMARK [1][-]{section.21}{\376\377\000K\000o\000n\000e\000k\000t\000o\000r\000\040\000p\000r\000o\000\040\000S\000D\000\040\000k\000a\000r\000t\000u}{chapter.16}% 15
\BOOKMARK [1][-]{section.22}{\376\377\000K\000o\000n\000e\000k\000t\000o\000r\000\040\000p\000r\000o\000\040\000k\000o\000m\000u\000n\000i\000k\000a\000c\000i\000\040\000s\000\040\000p\000o\001\015\000\355\000t\000a\001\015\000e\000m\000.}{chapter.16}% 16
\BOOKMARK [0][-]{chapter.23}{\376\377\000P\000o\000d\000r\000o\000b\000n\000\351\000\040\000z\000a\000p\000o\000j\000e\000n\000\355\000\040\000n\000a\000\040\000d\000e\000s\000c\000e}{}% 17
\BOOKMARK [1][-]{section.24}{\376\377\000M\000C\000U}{chapter.23}% 18
\BOOKMARK [1][-]{section.27}{\376\377\000N\000a\000p\000\341\000j\000e\000n\000\355\000\040\000p\000e\000r\000i\000f\000\351\000r\000i\000\355}{chapter.23}% 19
\BOOKMARK [1][-]{section.32}{\376\377\000E\000x\000t\000e\000r\000n\000\355\000\040\000F\000l\000a\000s\000h\000\040\000p\000a\000m\001\033\001\145}{chapter.23}% 20
\BOOKMARK [1][-]{section.34}{\376\377\000K\000o\000n\000e\000k\000t\000o\000r\000\040\000p\000r\000o\000\040\000z\000a\000p\000o\000j\000e\000n\000\355\000\040\000k\000a\000m\000e\000r\000o\000v\000\351\000h\000o\000\040\000m\000o\000d\000u\000l\000u}{chapter.23}% 21
\BOOKMARK [1][-]{section.35}{\376\377\000K\000o\000n\000e\000k\000t\000o\000r\000\040\000p\000r\000o\000\040\000z\000a\000p\000o\000j\000e\000n\000\355\000\040\000d\000i\000s\000p\000l\000a\000y\000e}{chapter.23}% 22
\BOOKMARK [1][-]{section.36}{\376\377\000D\000o\000c\000k\000\040\000p\000r\000o\000\040\000u\000m\000\355\000s\000t\001\033\000n\000\355\000\040\000S\000D\000\040\000k\000a\000r\000t\000y}{chapter.23}% 23
\BOOKMARK [1][-]{section.37}{\376\377\000E\000x\000t\000e\000r\000n\000\355\000\040\000k\000r\000y\000s\000t\000a\000l}{chapter.23}% 24
\BOOKMARK [1][-]{section.38}{\376\377\000P\001\131\000e\000v\000o\000d\000n\000\355\000k\000\040\000l\000o\000g\000i\000c\000k\000\375\000c\000h\000\040\000\372\000r\000o\000v\000n\000\355\000\040\000p\000r\000o\000\040\000k\000o\000m\000u\000n\000i\000k\000a\000c\000i\000\040\000s\000\040\000o\000b\000j\000e\000k\000t\000i\000v\000e\000m}{chapter.23}% 25
\BOOKMARK [1][-]{section.39}{\376\377\000N\000a\000p\000\341\000j\000e\000n\000\355\000\040\000i\000n\000t\000e\000r\000n\000\355\000\040\000S\000R\000A\000M\000\040\000p\000a\000m\001\033\000t\000i}{chapter.23}% 26
\BOOKMARK [1][-]{section.40}{\376\377\000U\000S\000B\000-\000C\000\040\000U\000S\000B\000\040\0002\000.\0000\000\040\000k\000o\000n\000e\000k\000t\000o\000r}{chapter.23}% 27
\BOOKMARK [0][-]{chapter.41}{\376\377\000P\000l\000\341\000n\000o\000v\000a\000n\000\351\000\040\000o\001\176\000i\000v\000e\000n\000\355}{}% 28
\BOOKMARK [0][-]{chapter.42}{\376\377\000P\000l\000\341\000n\000o\000v\000a\000n\000\341\000\040\000k\000o\000n\000s\000t\000r\000u\000k\000c\000e}{}% 29
\BOOKMARK [0][-]{chapter*.43}{\376\377\000L\000i\000t\000e\000r\000a\000t\000u\000r\000a}{}% 30
\BOOKMARK [0][-]{chapter*.44}{\376\377\000P\001\131\000\355\000l\000o\000h\000y}{}% 31
