This is pdfTeX, Version 3.141592653-2.6-1.40.29 (MiKTeX 26.2) (preloaded format=pdflatex 2026.4.27)  28 APR 2026 17:56
entering extended mode
 restricted \write18 enabled.
 file:line:error style messages enabled.
 %&-line parsing enabled.
**c:/Users/Vita/Desktop/programovani/RP-Hovorka/rp_dokumentace/main.tex
(c:/Users/Vita/Desktop/programovani/RP-Hovorka/rp_dokumentace/main.tex
LaTeX2e <2025-11-01>
L3 programming layer <2026-03-20>
(D:\miktex\tex/latex/base\report.cls
Document Class: report 2025/01/22 v1.4n Standard LaTeX document class
(D:\miktex\tex/latex/base\size12.clo
File: size12.clo 2025/01/22 v1.4n Standard LaTeX file (size option)
)
\c@part=\count275
\c@chapter=\count276
\c@section=\count277
\c@subsection=\count278
\c@subsubsection=\count279
\c@paragraph=\count280
\c@subparagraph=\count281
\c@figure=\count282
\c@table=\count283
\abovecaptionskip=\skip49
\belowcaptionskip=\skip50
\bibindent=\dimen150
) (D:\miktex\tex/generic/babel\babel.sty
Package: babel 2026/03/24 v26.5 The multilingual framework for LuaLaTeX, pdfLaTeX and XeLaTeX
\babel@savecnt=\count284
LaTeX Encoding Info:    Redeclaring text command \ij (encoding OT1) on input line 2078.
LaTeX Encoding Info:    Redeclaring text command \IJ (encoding OT1) on input line 2080.
LaTeX Encoding Info:    Redeclaring text command \ij (encoding T1) on input line 2082.
LaTeX Encoding Info:    Redeclaring text command \IJ (encoding T1) on input line 2083.
LaTeX Encoding Info:    Ignoring declaration for text command \ij (encoding ?) on input line 2084.
LaTeX Encoding Info:    Ignoring declaration for text command \IJ (encoding ?) on input line 2086.
LaTeX Encoding Info:    Ignoring declaration for text command \SS (encoding ?) on input line 2111.
\U@D=\dimen151
\l@unhyphenated=\language79
 (D:\miktex\tex/generic/babel\txtbabel.def)
\bbl@readstream=\read2
\bbl@dirlevel=\count285
Package babel Info: Configuration files are deprecated, as
(babel)             they can break document portability.
(babel)             Reported on input line 4206.

*************************************
* Local config file bblopts.cfg used
*
(D:\miktex\tex/latex/arabi\bblopts.cfg
File: bblopts.cfg 2005/09/08 v0.1 add Arabic and Farsi to "declared" options of babel
) (D:\miktex\tex/generic/babel/locale/cs\babel-czech.tex)
Package babel Info: Importing font and identification data for czech
(babel)             from babel-cs.ini. Reported on input line 4330.
 (D:\miktex\tex/latex/babel-czech\czech.ldf
Language: czech 2008/07/06 v3.1a Czech support from the babel system
Package babel Info: Making " an active character on input line 172.
\cs@wordlen=\count286
Package babel Info: Making - an active character on input line 226.
)) (D:\miktex\tex/latex/base\inputenc.sty
Package: inputenc 2024/02/08 v1.3d Input encoding file
\inpenc@prehook=\toks17
\inpenc@posthook=\toks18
) (D:\miktex\tex/latex/graphics\graphicx.sty
Package: graphicx 2024/12/31 v1.2e Enhanced LaTeX Graphics (DPC,SPQR)
 (D:\miktex\tex/latex/graphics\keyval.sty
Package: keyval 2022/05/29 v1.15 key=value parser (DPC)
\KV@toks@=\toks19
) (D:\miktex\tex/latex/graphics\graphics.sty
Package: graphics 2024/08/06 v1.4g Standard LaTeX Graphics (DPC,SPQR)
 (D:\miktex\tex/latex/graphics\trig.sty
Package: trig 2023/12/02 v1.11 sin cos tan (DPC)
) (D:\miktex\tex/latex/graphics-cfg\graphics.cfg
File: graphics.cfg 2016/06/04 v1.11 sample graphics configuration
)
Package graphics Info: Driver file: pdftex.def on input line 106.
 (D:\miktex\tex/latex/graphics-def\pdftex.def
File: pdftex.def 2025/09/29 v1.2d Graphics/color driver for pdftex
))
\Gin@req@height=\dimen152
\Gin@req@width=\dimen153
) (D:\miktex\tex/latex/xcolor\xcolor.sty
Package: xcolor 2024/09/29 v3.02 LaTeX color extensions (UK)
 (D:\miktex\tex/latex/graphics-cfg\color.cfg
File: color.cfg 2016/01/02 v1.6 sample color configuration
)
Package xcolor Info: Driver file: pdftex.def on input line 274.
 (D:\miktex\tex/latex/graphics\mathcolor.ltx)
Package xcolor Info: Model `cmy' substituted by `cmy0' on input line 1349.
Package xcolor Info: Model `hsb' substituted by `rgb' on input line 1353.
Package xcolor Info: Model `RGB' extended on input line 1365.
Package xcolor Info: Model `HTML' substituted by `rgb' on input line 1367.
Package xcolor Info: Model `Hsb' substituted by `hsb' on input line 1368.
Package xcolor Info: Model `tHsb' substituted by `hsb' on input line 1369.
Package xcolor Info: Model `HSB' substituted by `hsb' on input line 1370.
Package xcolor Info: Model `Gray' substituted by `gray' on input line 1371.
Package xcolor Info: Model `wave' substituted by `hsb' on input line 1372.
) (D:\miktex\tex/latex/amsmath\amsmath.sty
Package: amsmath 2025/07/09 v2.17z AMS math features
\@mathmargin=\skip51

For additional information on amsmath, use the `?' option.
(D:\miktex\tex/latex/amsmath\amstext.sty
Package: amstext 2024/11/17 v2.01 AMS text
 (D:\miktex\tex/latex/amsmath\amsgen.sty
File: amsgen.sty 1999/11/30 v2.0 generic functions
\@emptytoks=\toks20
\ex@=\dimen154
)) (D:\miktex\tex/latex/amsmath\amsbsy.sty
Package: amsbsy 1999/11/29 v1.2d Bold Symbols
\pmbraise@=\dimen155
) (D:\miktex\tex/latex/amsmath\amsopn.sty
Package: amsopn 2022/04/08 v2.04 operator names
)
\inf@bad=\count287
LaTeX Info: Redefining \frac on input line 233.
\uproot@=\count288
\leftroot@=\count289
LaTeX Info: Redefining \overline on input line 398.
LaTeX Info: Redefining \colon on input line 409.
\classnum@=\count290
\DOTSCASE@=\count291
LaTeX Info: Redefining \ldots on input line 495.
LaTeX Info: Redefining \dots on input line 498.
LaTeX Info: Redefining \cdots on input line 619.
\Mathstrutbox@=\box53
\strutbox@=\box54
LaTeX Info: Redefining \big on input line 721.
LaTeX Info: Redefining \Big on input line 722.
LaTeX Info: Redefining \bigg on input line 723.
LaTeX Info: Redefining \Bigg on input line 724.
\big@size=\dimen156
LaTeX Font Info:    Redeclaring font encoding OML on input line 742.
LaTeX Font Info:    Redeclaring font encoding OMS on input line 743.
\macc@depth=\count292
LaTeX Info: Redefining \bmod on input line 904.
LaTeX Info: Redefining \pmod on input line 909.
LaTeX Info: Redefining \smash on input line 939.
LaTeX Info: Redefining \relbar on input line 969.
LaTeX Info: Redefining \Relbar on input line 970.
\c@MaxMatrixCols=\count293
\dotsspace@=\muskip17
\c@parentequation=\count294
\dspbrk@lvl=\count295
\tag@help=\toks21
\row@=\count296
\column@=\count297
\maxfields@=\count298
\andhelp@=\toks22
\eqnshift@=\dimen157
\alignsep@=\dimen158
\tagshift@=\dimen159
\tagwidth@=\dimen160
\totwidth@=\dimen161
\lineht@=\dimen162
\@envbody=\toks23
\multlinegap=\skip52
\multlinetaggap=\skip53
\mathdisplay@stack=\toks24
LaTeX Info: Redefining \[ on input line 2950.
LaTeX Info: Redefining \] on input line 2951.
) (D:\miktex\tex/latex/pdfpages\pdfpages.sty
Package: pdfpages 2026/03/30 v0.6h Insert pages of external PDF documents (AM)
 (D:\miktex\tex/latex/base\ifthen.sty
Package: ifthen 2024/03/16 v1.1e Standard LaTeX ifthen package (DPC)
) (D:\miktex\tex/latex/tools\calc.sty
Package: calc 2025/03/01 v4.3b Infix arithmetic (KKT,FJ)
\calc@Acount=\count299
\calc@Bcount=\count300
\calc@Adimen=\dimen163
\calc@Bdimen=\dimen164
\calc@Askip=\skip54
\calc@Bskip=\skip55
LaTeX Info: Redefining \setlength on input line 86.
LaTeX Info: Redefining \addtolength on input line 87.
\calc@Ccount=\count301
\calc@Cskip=\skip56
) (D:\miktex\tex/latex/eso-pic\eso-pic.sty
Package: eso-pic 2025/12/10 v3.0d eso-pic (RN)
\ESO@tempdima=\dimen165
\ESO@tempdimb=\dimen166
) (D:\miktex\tex/latex/etoolbox\etoolbox.sty
Package: etoolbox 2025/10/02 v2.5m e-TeX tools for LaTeX (JAW)
\etb@tempcnta=\count302
)
\AM@pagewidth=\dimen167
\AM@pageheight=\dimen168
\AM@fboxrule=\dimen169
 (D:\miktex\tex/latex/pdfpages\pppdftex.def
File: pppdftex.def 2026/03/30 v0.6h Pdfpages driver for pdfTeX (AM)
)
\pdfpages@includegraphics@status=\count303
\AM@pagebox=\box55
\AM@global@opts=\toks25
\AM@pagecnt=\count304
\AM@toc@title=\toks26
\AM@lof@heading=\toks27
\c@AM@survey=\count305
\AM@templatesizebox=\box56
) (D:\miktex\tex/latex/tools\longtable.sty
Package: longtable 2025-10-13 v4.24 Multi-page Table package (DPC)
\LTleft=\skip57
\LTright=\skip58
\LTpre=\skip59
\LTpost=\skip60
\LTchunksize=\count306
\LTcapwidth=\dimen170
\LT@head=\box57
\LT@firsthead=\box58
\LT@foot=\box59
\LT@lastfoot=\box60
\LT@gbox=\box61
\LT@cols=\count307
\LT@rows=\count308
\c@LT@tables=\count309
\c@LT@chunks=\count310
\LT@p@ftn=\toks28
) (D:\miktex\tex/latex/tools\array.sty
Package: array 2025/09/25 v2.6n Tabular extension package (FMi)
\col@sep=\dimen171
\ar@mcellbox=\box62
\extrarowheight=\dimen172
\NC@list=\toks29
\extratabsurround=\skip61
\backup@length=\skip62
\ar@cellbox=\box63
) (D:\miktex\tex/latex/listings\listings.sty
\lst@mode=\count311
\lst@gtempboxa=\box64
\lst@token=\toks30
\lst@length=\count312
\lst@currlwidth=\dimen173
\lst@column=\count313
\lst@pos=\count314
\lst@lostspace=\dimen174
\lst@width=\dimen175
\lst@newlines=\count315
\lst@lineno=\count316
\lst@maxwidth=\dimen176
 (D:\miktex\tex/latex/listings\lstpatch.sty
File: lstpatch.sty 2025/11/14 1.11b (Carsten Heinz)
) (D:\miktex\tex/latex/listings\lstmisc.sty
File: lstmisc.sty 2025/11/14 1.11b (Carsten Heinz)
\lst@fmtcurrindent=\dimen177
\lst@newlinesensured=\count317
\c@lstnumber=\count318
\lst@skipnumbers=\count319
\lst@framebox=\box65
) (D:\miktex\tex/latex/listings\listings.cfg
File: listings.cfg 2025/11/14 1.11b listings configuration
))
Package: listings 2025/11/14 1.11b (Carsten Heinz)

==> First Aid for listings.sty no longer applied!
    Expected:
        2024/09/23 1.10c (Carsten Heinz)
    but found:
        2025/11/14 1.11b (Carsten Heinz)
    so I'm assuming it got fixed.
(D:\miktex\tex/latex/anysize\anysize.sty
Package: anysize 1994/08/13 setting margin sizes

document style option `anysize' loaded
Michael Salzenberg, Thomas Esser, Dirk Hillbrecht
Version 1.0, Aug 13, 1994
\@Leftmargin=\dimen178
\@Rightmargin=\dimen179
\@Topmargin=\dimen180
\@Bottommargin=\dimen181
) (D:\miktex\tex/latex/titlesec\titlesec.sty
Package: titlesec 2025/01/04 v2.17 Sectioning titles
\ttl@box=\box66
\beforetitleunit=\skip63
\aftertitleunit=\skip64
\ttl@plus=\dimen182
\ttl@minus=\dimen183
\ttl@toksa=\toks31
\titlewidth=\dimen184
\titlewidthlast=\dimen185
\titlewidthfirst=\dimen186
) (D:\miktex\tex/latex/setspace\setspace.sty
Package: setspace 2022/12/04 v6.7b set line spacing
) (D:\miktex\tex/latex/fancyhdr\fancyhdr.sty
Package: fancyhdr 2025/02/07 v5.2 Extensive control of page headers and footers
\f@nch@headwidth=\skip65
\f@nch@offset@elh=\skip66
\f@nch@offset@erh=\skip67
\f@nch@offset@olh=\skip68
\f@nch@offset@orh=\skip69
\f@nch@offset@elf=\skip70
\f@nch@offset@erf=\skip71
\f@nch@offset@olf=\skip72
\f@nch@offset@orf=\skip73
\f@nch@height=\skip74
\f@nch@footalignment=\skip75
\f@nch@widthL=\skip76
\f@nch@widthC=\skip77
\f@nch@widthR=\skip78
\@temptokenb=\toks32
) (D:\miktex\tex/latex/hyperref\hyperref.sty
Package: hyperref 2026-01-29 v7.01p Hypertext links for LaTeX
 (D:\miktex\tex/generic/iftex\iftex.sty
Package: iftex 2024/12/12 v1.0g TeX engine tests
) (D:\miktex\tex/latex/kvsetkeys\kvsetkeys.sty
Package: kvsetkeys 2022-10-05 v1.19 Key value parser (HO)
) (D:\miktex\tex/generic/kvdefinekeys\kvdefinekeys.sty
Package: kvdefinekeys 2019-12-19 v1.6 Define keys (HO)
) (D:\miktex\tex/generic/pdfescape\pdfescape.sty
Package: pdfescape 2019/12/09 v1.15 Implements pdfTeX's escape features (HO)
 (D:\miktex\tex/generic/ltxcmds\ltxcmds.sty
Package: ltxcmds 2023-12-04 v1.26 LaTeX kernel commands for general use (HO)
) (D:\miktex\tex/generic/pdftexcmds\pdftexcmds.sty
Package: pdftexcmds 2020-06-27 v0.33 Utility functions of pdfTeX for LuaTeX (HO)
 (D:\miktex\tex/generic/infwarerr\infwarerr.sty
Package: infwarerr 2019/12/03 v1.5 Providing info/warning/error messages (HO)
)
Package pdftexcmds Info: \pdf@primitive is available.
Package pdftexcmds Info: \pdf@ifprimitive is available.
Package pdftexcmds Info: \pdfdraftmode found.
)) (D:\miktex\tex/latex/hycolor\hycolor.sty
Package: hycolor 2020-01-27 v1.10 Color options for hyperref/bookmark (HO)
) (D:\miktex\tex/latex/hyperref\nameref.sty
Package: nameref 2026-01-29 v2.58 Cross-referencing by name of section
 (D:\miktex\tex/latex/refcount\refcount.sty
Package: refcount 2019/12/15 v3.6 Data extraction from label references (HO)
) (D:\miktex\tex/generic/gettitlestring\gettitlestring.sty
Package: gettitlestring 2019/12/15 v1.6 Cleanup title references (HO)
 (D:\miktex\tex/latex/kvoptions\kvoptions.sty
Package: kvoptions 2022-06-15 v3.15 Key value format for package options (HO)
))
\c@section@level=\count320
) (D:\miktex\tex/generic/stringenc\stringenc.sty
Package: stringenc 2019/11/29 v1.12 Convert strings between diff. encodings (HO)
)
\@linkdim=\dimen187
\Hy@linkcounter=\count321
\Hy@pagecounter=\count322
 (D:\miktex\tex/latex/hyperref\pd1enc.def
File: pd1enc.def 2026-01-29 v7.01p Hyperref: PDFDocEncoding definition (HO)
Now handling font encoding PD1 ...
... no UTF-8 mapping file for font encoding PD1
) (D:\miktex\tex/generic/intcalc\intcalc.sty
Package: intcalc 2019/12/15 v1.3 Expandable calculations with integers (HO)
)
\Hy@SavedSpaceFactor=\count323
 (D:\miktex\tex/latex/hyperref\puenc.def
File: puenc.def 2026-01-29 v7.01p Hyperref: PDF Unicode definition (HO)
Now handling font encoding PU ...
... no UTF-8 mapping file for font encoding PU
)
Package hyperref Info: Option `breaklinks' set `true' on input line 4072.
Package hyperref Info: Option `hypertexnames' set `false' on input line 4072.
Package hyperref Info: Hyper figures OFF on input line 4201.
Package hyperref Info: Link nesting OFF on input line 4206.
Package hyperref Info: Hyper index ON on input line 4209.
Package hyperref Info: Plain pages OFF on input line 4216.
Package hyperref Info: Backreferencing OFF on input line 4221.
Package hyperref Info: Implicit mode ON; LaTeX internals redefined.
Package hyperref Info: Bookmarks ON on input line 4468.
\c@Hy@tempcnt=\count324
 (D:\miktex\tex/latex/url\url.sty
\Urlmuskip=\muskip18
Package: url 2013/09/16  ver 3.4  Verb mode for urls, etc.
)
LaTeX Info: Redefining \url on input line 4807.
\XeTeXLinkMargin=\dimen188
 (D:\miktex\tex/generic/bitset\bitset.sty
Package: bitset 2019/12/09 v1.3 Handle bit-vector datatype (HO)
 (D:\miktex\tex/generic/bigintcalc\bigintcalc.sty
Package: bigintcalc 2019/12/15 v1.5 Expandable calculations on big integers (HO)
))
\Fld@menulength=\count325
\Field@Width=\dimen189
\Fld@charsize=\dimen190
Package hyperref Info: Hyper figures OFF on input line 6084.
Package hyperref Info: Link nesting OFF on input line 6089.
Package hyperref Info: Hyper index ON on input line 6092.
Package hyperref Info: backreferencing OFF on input line 6099.
Package hyperref Info: Link coloring OFF on input line 6104.
Package hyperref Info: Link coloring with OCG OFF on input line 6109.
Package hyperref Info: PDF/A mode OFF on input line 6114.
\Hy@abspage=\count326
\c@Item=\count327
\c@Hfootnote=\count328
)
Package hyperref Info: Driver (autodetected): hpdftex.
 (D:\miktex\tex/latex/hyperref\hpdftex.def
File: hpdftex.def 2026-01-29 v7.01p Hyperref driver for pdfTeX
\Fld@listcount=\count329
\c@bookmark@seq@number=\count330
 (D:\miktex\tex/latex/rerunfilecheck\rerunfilecheck.sty
Package: rerunfilecheck 2025-06-21 v1.11 Rerun checks for auxiliary files (HO)
 (D:\miktex\tex/generic/uniquecounter\uniquecounter.sty
Package: uniquecounter 2019/12/15 v1.4 Provide unlimited unique counter (HO)
)
Package uniquecounter Info: New unique counter `rerunfilecheck' on input line 284.
)
\Hy@SectionHShift=\skip79
) (D:\miktex\tex/latex/l3backend\l3backend-pdftex.def
File: l3backend-pdftex.def 2026-02-18 L3 backend support: PDF output (pdfTeX)
\l__color_backend_stack_int=\count331
) (main.aux
Package babel Info: 'czech' activates 'czech' shorthands.
(babel)             Reported on input line 9.
)
\openout1 = `main.aux'.

LaTeX Font Info:    Checking defaults for OML/cmm/m/it on input line 70.
LaTeX Font Info:    ... okay on input line 70.
LaTeX Font Info:    Checking defaults for OMS/cmsy/m/n on input line 70.
LaTeX Font Info:    ... okay on input line 70.
LaTeX Font Info:    Checking defaults for OT1/cmr/m/n on input line 70.
LaTeX Font Info:    ... okay on input line 70.
LaTeX Font Info:    Checking defaults for T1/cmr/m/n on input line 70.
LaTeX Font Info:    ... okay on input line 70.
LaTeX Font Info:    Checking defaults for TS1/cmr/m/n on input line 70.
LaTeX Font Info:    ... okay on input line 70.
LaTeX Font Info:    Checking defaults for OMX/cmex/m/n on input line 70.
LaTeX Font Info:    ... okay on input line 70.
LaTeX Font Info:    Checking defaults for U/cmr/m/n on input line 70.
LaTeX Font Info:    ... okay on input line 70.
LaTeX Font Info:    Checking defaults for PD1/pdf/m/n on input line 70.
LaTeX Font Info:    ... okay on input line 70.
LaTeX Font Info:    Checking defaults for PU/pdf/m/n on input line 70.
LaTeX Font Info:    ... okay on input line 70.
 (D:\miktex\tex/context/base/mkii\supp-pdf.mkii
[Loading MPS to PDF converter (version 2006.09.02).]
\scratchcounter=\count332
\scratchdimen=\dimen191
\scratchbox=\box67
\nofMPsegments=\count333
\nofMParguments=\count334
\everyMPshowfont=\toks33
\MPscratchCnt=\count335
\MPscratchDim=\dimen192
\MPnumerator=\count336
\makeMPintoPDFobject=\count337
\everyMPtoPDFconversion=\toks34
) (D:\miktex\tex/latex/epstopdf-pkg\epstopdf-base.sty
Package: epstopdf-base 2020-01-24 v2.11 Base part for package epstopdf
Package epstopdf-base Info: Redefining graphics rule for `.eps' on input line 485.
 (D:\miktex\tex/latex/00miktex\epstopdf-sys.cfg
File: epstopdf-sys.cfg 2021/03/18 v2.0 Configuration of epstopdf for MiKTeX
)) (D:\miktex\tex/latex/pdflscape\pdflscape.sty
Package: pdflscape 2022-10-27 v0.13 Display of landscape pages in PDF
 (D:\miktex\tex/latex/pdflscape\pdflscape-nometadata.sty
Package: pdflscape-nometadata 2022-10-28 v0.13 Display of landscape pages in PDF (HO)
 (D:\miktex\tex/latex/graphics\lscape.sty
Package: lscape 2020/05/28 v3.02 Landscape Pages (DPC)
)
Package pdflscape Info: Auto-detected driver: pdftex on input line 81.
))
\c@lstlisting=\count338
Package hyperref Info: Link coloring OFF on input line 70.
 (main.out) (main.out)
\@outlinefile=\write3
\openout3 = `main.out'.

<Logo.png, id=127, 65.043pt x 65.043pt>
File: Logo.png Graphic file (type png)
<use Logo.png>
Package pdftex.def Info: Logo.png  used on input line 77.
(pdftex.def)             Requested size: 81.3749pt x 81.37897pt.

Overfull \hbox (38.22635pt too wide) in paragraph at lines 102--110
[] 
 []

[1

{C:/Users/Vita/AppData/Local/MiKTeX/fonts/map/pdftex/pdftex.map} <./Logo.png>]

pdfTeX warning: pdflatex (file ./pdf/Zadani-Hovorka.pdf): PDF inclusion: found PDF version <1.7>, but at most version <1.5> allowed
<pdf/Zadani-Hovorka.pdf, id=136, 597.55246pt x 845.07718pt>
File: pdf/Zadani-Hovorka.pdf Graphic file (type pdf)
<use pdf/Zadani-Hovorka.pdf>
Package pdftex.def Info: pdf/Zadani-Hovorka.pdf  used on input line 112.
(pdftex.def)             Requested size: 597.551pt x 845.07512pt.


pdfTeX warning: pdflatex (file ./pdf/Zadani-Hovorka.pdf): PDF inclusion: found PDF version <1.7>, but at most version <1.5> allowed


pdfTeX warning: pdflatex (file ./pdf/Zadani-Hovorka.pdf): PDF inclusion: found PDF version <1.7>, but at most version <1.5> allowed
<pdf/Zadani-Hovorka.pdf, id=138, page=1, 597.55246pt x 845.07718pt>
File: pdf/Zadani-Hovorka.pdf Graphic file (type pdf)
<use pdf/Zadani-Hovorka.pdf, page 1>
Package pdftex.def Info: pdf/Zadani-Hovorka.pdf , page1 used on input line 112.
(pdftex.def)             Requested size: 597.551pt x 845.07512pt.
File: pdf/Zadani-Hovorka.pdf Graphic file (type pdf)
<use pdf/Zadani-Hovorka.pdf, page 1>
Package pdftex.def Info: pdf/Zadani-Hovorka.pdf , page1 used on input line 112.
(pdftex.def)             Requested size: 597.57834pt x 845.1138pt.
File: pdf/Zadani-Hovorka.pdf Graphic file (type pdf)
<use pdf/Zadani-Hovorka.pdf, page 1>
Package pdftex.def Info: pdf/Zadani-Hovorka.pdf , page1 used on input line 112.
(pdftex.def)             Requested size: 597.57834pt x 845.1138pt.
File: pdf/Zadani-Hovorka.pdf Graphic file (type pdf)
<use pdf/Zadani-Hovorka.pdf, page 1>
Package pdftex.def Info: pdf/Zadani-Hovorka.pdf , page1 used on input line 112.
(pdftex.def)             Requested size: 597.57834pt x 845.1138pt.
File: pdf/Zadani-Hovorka.pdf Graphic file (type pdf)
<use pdf/Zadani-Hovorka.pdf, page 1>
Package pdftex.def Info: pdf/Zadani-Hovorka.pdf , page1 used on input line 112.
(pdftex.def)             Requested size: 597.57834pt x 845.1138pt.
[2

 <./pdf/Zadani-Hovorka.pdf>]

LaTeX Font Warning: Font shape `OT1/cmss/bx/n' in size <16> not available
(Font)              size <17.28> substituted on input line 120.


Overfull \hbox (16.1537pt too wide) in paragraph at lines 126--127
[]\OT1/cmr/m/n/12 Prohla^^Tsuji, ^^Tze jsem tuto pr^^Saci vy-pra-co-val sa-mo-statn^^Te a pou^^Tzil li-ter^^Sarn^^S^^Pch pra-men^^Wu a [],
 []

[3

] (main.toc [4

])
\tf@toc=\write4
\openout4 = `main.toc'.

 [5]
ignored: Infinite glue shrinkage found in box being split [6

] [7] [8

]
Kapitola 1.
[9

] [10]
Kapitola 2.
<pictures/eeschema.png, id=267, 592.46344pt x 633.11531pt>
File: pictures/eeschema.png Graphic file (type png)
<use pictures/eeschema.png>
Package pdftex.def Info: pictures/eeschema.png  used on input line 214.
(pdftex.def)             Requested size: 227.62206pt x 243.24297pt.
<pictures/pcbeditor.png, id=268, 1444.64719pt x 776.9025pt>
File: pictures/pcbeditor.png Graphic file (type png)
<use pictures/pcbeditor.png>
Package pdftex.def Info: pictures/pcbeditor.png  used on input line 223.
(pdftex.def)             Requested size: 455.24411pt x 244.8204pt.

Overfull \hbox (24.78026pt too wide) in paragraph at lines 219--227
\OT1/cmr/m/n/12 tlou^^Tst[]ka spoj^^Wu, ve-li-kost pro-ko-ven^^Sych ot-vor^^Wu, mi-nim^^Saln^^S^^P po^^Tzadovan^^Sa vzd^^Salenost mezi cestami...).
 []

[11

] [12 <./pictures/eeschema.png> <./pictures/pcbeditor.png>]
<pictures/vsko.png, id=283, 1444.64719pt x 749.80125pt>
File: pictures/vsko.png Graphic file (type png)
<use pictures/vsko.png>
Package pdftex.def Info: pictures/vsko.png  used on input line 235.
(pdftex.def)             Requested size: 455.24411pt x 236.28017pt.
 [13 <./pictures/vsko.png>]
Kapitola 3.
[14

] [15] [16] [17]
Kapitola 4.
<pictures/esp32-p4.png, id=307, 818.30719pt x 563.10374pt>
File: pictures/esp32-p4.png Graphic file (type png)
<use pictures/esp32-p4.png>
Package pdftex.def Info: pictures/esp32-p4.png  used on input line 285.
(pdftex.def)             Requested size: 318.66948pt x 219.29166pt.
<pictures/hpbuck.png, id=308, 615.0478pt x 340.27126pt>
File: pictures/hpbuck.png Graphic file (type png)
<use pictures/hpbuck.png>
Package pdftex.def Info: pictures/hpbuck.png  used on input line 292.
(pdftex.def)             Requested size: 318.66948pt x 176.30344pt.
<pictures/i2c_bootstrappy_.png, id=310, 819.8128pt x 666.99188pt>
File: pictures/i2c_bootstrappy_.png Graphic file (type png)
<use pictures/i2c_bootstrappy_.png>
Package pdftex.def Info: pictures/i2c_bootstrappy_.png  used on input line 304.
(pdftex.def)             Requested size: 432.48051pt x 351.86543pt.

Overfull \hbox (13.08437pt too wide) in paragraph at lines 309--310
[]\OT1/cmr/m/n/12 Podrobn^^Tej^^Ts^^S^^P in-for-mace o do-poru^^Tcen^^Sem za-po-jen^^S^^P nap^^Sajec^^S^^Pch dom^^Sen a star-to-vac^^S^^Pch podm^^S^^Pnk^^Sach
 []

[18

] [19 <./pictures/esp32-p4.png> <./pictures/hpbuck.png>] [20 <./pictures/i2c_bootstrappy_.png>]
<pictures/3V3cascade.png, id=338, 1022.31938pt x 513.41812pt>
File: pictures/3V3cascade.png Graphic file (type png)
<use pictures/3V3cascade.png>
Package pdftex.def Info: pictures/3V3cascade.png  used on input line 327.
(pdftex.def)             Requested size: 455.24411pt x 228.62311pt.
<pictures/lenslogicpower.png, id=339, 939.51pt x 435.12563pt>
File: pictures/lenslogicpower.png Graphic file (type png)
<use pictures/lenslogicpower.png>
Package pdftex.def Info: pictures/lenslogicpower.png  used on input line 333.
(pdftex.def)             Requested size: 455.24411pt x 210.84312pt.
<pictures/lensmainpower.png, id=340, 985.43156pt x 436.63126pt>
File: pictures/lensmainpower.png Graphic file (type png)
<use pictures/lensmainpower.png>
Package pdftex.def Info: pictures/lensmainpower.png  used on input line 339.
(pdftex.def)             Requested size: 455.24411pt x 201.71227pt.
 [21] [22 <./pictures/3V3cascade.png> <./pictures/lenslogicpower.png>]
<pictures/flash.png, id=365, 737.75626pt x 633.11531pt>
File: pictures/flash.png Graphic file (type png)
<use pictures/flash.png>
Package pdftex.def Info: pictures/flash.png  used on input line 350.
(pdftex.def)             Requested size: 318.66948pt x 273.47083pt.
<pictures/flashpcb.png, id=366, 526.96875pt x 415.5525pt>
File: pictures/flashpcb.png Graphic file (type png)
<use pictures/flashpcb.png>
Package pdftex.def Info: pictures/flashpcb.png  used on input line 351.
(pdftex.def)             Requested size: 318.66948pt x 251.3054pt.
<pictures/kamera.png, id=367, 723.45282pt x 624.08156pt>
File: pictures/kamera.png Graphic file (type png)
<use pictures/kamera.png>
Package pdftex.def Info: pictures/kamera.png  used on input line 361.
(pdftex.def)             Requested size: 318.66948pt x 274.90146pt.

Overfull \hbox (3.07004pt too wide) in paragraph at lines 365--366
[]\OT1/cmr/m/n/12 Text t^^Seto ^^Tc^^Sasti je z^^Sam^^Tern^^Te ve-den obecn^^Te na ^^Surovni pou^^Tzit^^Seho roz-hran^^S^^P a za-po-jen^^S^^P. Konkr^^Setn^^S^^P
 []

[23 <./pictures/lensmainpower.png>] [24 <./pictures/flash.png> <./pictures/flashpcb.png>] [25 <./pictures/kamera.png>]
<pictures/display.png, id=390, 579.66562pt x 548.80031pt>
File: pictures/display.png Graphic file (type png)
<use pictures/display.png>
Package pdftex.def Info: pictures/display.png  used on input line 371.
(pdftex.def)             Requested size: 318.66948pt x 301.69873pt.
<pictures/pcbdsiacam.png, id=391, 1134.48843pt x 490.08093pt>
File: pictures/pcbdsiacam.png Graphic file (type png)
<use pictures/pcbdsiacam.png>
Package pdftex.def Info: pictures/pcbdsiacam.png  used on input line 378.
(pdftex.def)             Requested size: 455.24411pt x 196.65706pt.
<pictures/sdkarta.png, id=393, 1030.60031pt x 606.01407pt>
File: pictures/sdkarta.png Graphic file (type png)
<use pictures/sdkarta.png>
Package pdftex.def Info: pictures/sdkarta.png  used on input line 385.
(pdftex.def)             Requested size: 318.66948pt x 187.38158pt.
 [26 <./pictures/display.png>]
<pictures/xtal.png, id=403, 953.06062pt x 582.67688pt>
File: pictures/xtal.png Graphic file (type png)
<use pictures/xtal.png>
Package pdftex.def Info: pictures/xtal.png  used on input line 394.
(pdftex.def)             Requested size: 318.66948pt x 194.82677pt.

Overfull \hbox (1.55254pt too wide) in paragraph at lines 391--399
\OT1/cmr/m/n/12 Hodinov^^Sy syst^^Sem je do-pln^^Ten ex-tern^^S^^Pm 40MHz krys-ta-lem a dvo-jic^^S^^P z^^Sat^^Te^^Tzov^^Sych kon-denz^^Sator^^Wu
 []

<pictures/prevodniklogurovni.png, id=407, 690.32906pt x 555.57562pt>
File: pictures/prevodniklogurovni.png Graphic file (type png)
<use pictures/prevodniklogurovni.png>
Package pdftex.def Info: pictures/prevodniklogurovni.png  used on input line 403.
(pdftex.def)             Requested size: 318.66948pt x 256.46648pt.
[27 <./pictures/pcbdsiacam.png>] [28 <./pictures/sdkarta.png> <./pictures/xtal.png>] [29 <./pictures/prevodniklogurovni.png>]
<pictures/usb-c.png, id=439, 859.71187pt x 607.51968pt>
File: pictures/usb-c.png Graphic file (type png)
<use pictures/usb-c.png>
Package pdftex.def Info: pictures/usb-c.png  used on input line 418.
(pdftex.def)             Requested size: 318.66948pt x 225.18663pt.
 [30 <./pictures/usb-c.png>]
Kapitola 5.
[31

]
Kapitola 6.
[32

]
Underfull \hbox (badness 2245) in paragraph at lines 437--438
\OT1/cmr/m/it/12 ver-ter Da-ta-sheet\OT1/cmr/m/n/12 . Do-stupn^^Se z: []$\OT1/cmtt/m/n/12 https : / / www . diodes . com / assets / Datasheets /
 []


Underfull \hbox (badness 10000) in paragraph at lines 449--450
[]\OT1/cmr/m/n/12 RPI SHOP CZ. \OT1/cmr/m/it/12 Ar-du-cam IMX219 8 MPx ka-me-
 []


Underfull \hbox (badness 10000) in paragraph at lines 449--450
\OT1/cmr/m/it/12 rov^^Sy mo-dul\OT1/cmr/m/n/12 . Do-stupn^^Se z: []$\OT1/cmtt/m/n/12 https : / / rpishop . cz / 635962 /
 []


Underfull \hbox (badness 10000) in paragraph at lines 449--450
\OT1/cmtt/m/n/12 arducam-[]imx219-[]8-[]mpx-[]kamerovy-[]modul-[]s-[]objektivem-[]m12-[]ls1820-[]noir/$[]\OT1/cmr/m/n/12 .
 []


Underfull \hbox (badness 10000) in paragraph at lines 455--456
\OT1/cmr/m/n/12 z: []$\OT1/cmtt/m/n/12 https : / / www . hirose . com / en / product / document ? clcode = &productname =
 []


Underfull \hbox (badness 10000) in paragraph at lines 455--456
\OT1/cmtt/m/n/12 &series = DM3 & documenttype = Catalog & lang = en & documentid = D49662 _ en$[]\OT1/cmr/m/n/12 . [cit.
 []

[33

]
Underfull \hbox (badness 10000) in paragraph at lines 457--458
\OT1/cmr/m/n/12 z: []$\OT1/cmtt/m/n/12 https : / / lcsc . com / product-[]detail / Diodes-[]ESD _ STMicroelectronics _
 []


Underfull \hbox (badness 10000) in paragraph at lines 461--462
[]\OT1/cmr/m/n/12 HECTOR, M. \OT1/cmr/m/it/12 software/canon-ef-protocol-notes.md\OT1/cmr/m/n/12 . Do-stupn^^Se z: []$\OT1/cmtt/m/n/12 https :
 []


Underfull \hbox (badness 10000) in paragraph at lines 461--462
\OT1/cmtt/m/n/12 / / gist . github . com / marcan / 858c242db2fc595da1e0bb70a05192fc #
 []


Underfull \hbox (badness 7888) in paragraph at lines 463--464
[]\OT1/cmr/m/n/12 MAGIC LAN-TERN TEAM. \OT1/cmr/m/it/12 Ma-gic Lan-tern\OT1/cmr/m/n/12 . Do-stupn^^Se z: []$\OT1/cmtt/m/n/12 https : / / www .
 []

[34] [1

] (main.aux)
 ***********
LaTeX2e <2025-11-01>
L3 programming layer <2026-03-20>
 ***********


LaTeX Font Warning: Size substitutions with differences
(Font)              up to 1.28pt have occurred.

Package rerunfilecheck Info: File `main.out' has not changed.
(rerunfilecheck)             Checksum: 0D9C7DB0F71A4B8741A800E5DDA6A86D;5102.
 ) 
Here is how much of TeX's memory you used:
 14294 strings out of 467690
 220074 string characters out of 5431804
 675668 words of memory out of 5000000
 43068 multiletter control sequences out of 15000+600000
 635150 words of font info for 66 fonts, out of 8000000 for 9000
 1141 hyphenation exceptions out of 8191
 75i,17n,79p,845b,622s stack positions out of 10000i,1000n,20000p,200000b,200000s
 <C:\Users\Vita\AppData\Local\MiKTeX\fonts/pk/ljfour/jknappen/ec/dpi600\tcrm1200.pk><D:/miktex/fonts/type1/public/amsfonts/cm/cmbx12.pfb><D:/miktex/fonts/type1/public/amsfonts/cm/cmex10.pfb><D:/miktex/fonts/type1/public/amsfonts/cm/cmmi12.pfb><D:/miktex/fonts/type1/public/amsfonts/cm/cmmi8.pfb><D:/miktex/fonts/type1/public/amsfonts/cm/cmr10.pfb><D:/miktex/fonts/type1/public/amsfonts/cm/cmr12.pfb><D:/miktex/fonts/type1/public/amsfonts/cm/cmr17.pfb><D:/miktex/fonts/type1/public/amsfonts/cm/cmr7.pfb><D:/miktex/fonts/type1/public/amsfonts/cm/cmr8.pfb><D:/miktex/fonts/type1/public/amsfonts/cm/cmssbx10.pfb><D:/miktex/fonts/type1/public/amsfonts/cm/cmsy10.pfb><D:/miktex/fonts/type1/public/amsfonts/cm/cmti12.pfb><D:/miktex/fonts/type1/public/amsfonts/cm/cmtt12.pfb>
Output written on main.pdf (35 pages, 1182161 bytes).
PDF statistics:
 584 PDF objects out of 1000 (max. 8388607)
 105 named destinations out of 1000 (max. 500000)
 359 words of extra memory for PDF output out of 10000 (max. 10000000)

